  SHIELD       #11  Domantas Sabonis (lottery pick)
  SHIELD       #3  Jaylen Brown (lottery pick)
  SHIELD       #9  Jakob Poeltl (lottery pick)
  SHIELD       #6  Buddy Hield (lottery pick)
  SHIELD       #7  Jamal Murray (lottery pick)
  SHIELD       #2  Brandon Ingram (lottery pick)
  SHIELD       #12  Taurean Prince (lottery pick)
  SHIELD       #1  Ben Simmons (lottery pick)
  SHIELD       #5  Kris Dunn (lottery pick)
  SHIELD       #8  Marquese Chriss (lottery pick)
  SHIELD       #10  Thon Maker (lottery pick)
  SHIELD       #14  Denzel Valentine (lottery pick)
  SHIELD       #4  Dragan Bender (lottery pick)
  SHIELD       #13  Georgios Papagiannis (lottery pick)

=== 2016: keep 48, cut 24 ===
  keep 0.894    #11  Domantas Sabonis
  keep 0.784     #3  Jaylen Brown
  keep 0.762     #9  Jakob Poeltl
  keep 0.744     #6  Buddy Hield
  keep 0.733     #7  Jamal Murray
  …
  keep 0.105    #31  Deyonta Davis (bubble)
  keep 0.104   UDFA  Wayne Selden (bubble)
  keep 0.091    #60  Tyrone Wallace (bubble)
  CUT  0.079    #48  Paul Zipser (first out)
  CUT  0.072    #42  Isaiah Whitehead (first out)
  CUT  0.069    #18  Henry Ellenson (first out)
  SHIELD       #14  Bam Adebayo (lottery pick)
  SHIELD       #3  Jayson Tatum (lottery pick)
  SHIELD       #13  Donovan Mitchell (lottery pick)
  SHIELD       #5  De'Aaron Fox (lottery pick)
  SHIELD       #7  Lauri Markkanen (lottery pick)
  SHIELD       #12  Luke Kennard (lottery pick)
  SHIELD       #11  Malik Monk (lottery pick)
  SHIELD       #10  Zach Collins (lottery pick)
  SHIELD       #6  Jonathan Isaac (lottery pick)
  SHIELD       #2  Lonzo Ball (lottery pick)
  SHIELD       #9  Dennis Smith Jr. (lottery pick)
  SHIELD       #8  Frank Ntilikina (lottery pick)
  SHIELD       #1  Markelle Fultz (lottery pick)
  SHIELD       #4  Josh Jackson (lottery pick)

=== 2017: keep 48, cut 24 ===
  keep 0.932    #14  Bam Adebayo
  keep 0.915     #3  Jayson Tatum
  keep 0.883    #13  Donovan Mitchell
  keep 0.767     #5  De'Aaron Fox
  keep 0.647     #7  Lauri Markkanen
  …
  keep 0.172    #38  Jordan Bell (bubble)
  keep 0.166    #20  Harry Giles III (bubble)
  keep 0.163    #52  Edmond Sumner (bubble)
  CUT  0.150    #48  Sindarius Thornwell (first out)
  CUT  0.149    #17  D.J. Wilson (first out)
  CUT  0.147    #18  T.J. Leaf (first out)
  SHIELD       #11  Shai Gilgeous-Alexander (lottery pick)
  SHIELD       #3  Luka Dončić (lottery pick)
  SHIELD       #10  Mikal Bridges (lottery pick)
  SHIELD       #5  Trae Young (lottery pick)
  SHIELD       #1  Deandre Ayton (lottery pick)
  SHIELD       #12  Miles Bridges (lottery pick)
  SHIELD       #7  Wendell Carter Jr. (lottery pick)
  SHIELD       #4  Jaren Jackson Jr. (lottery pick)
  SHIELD       #8  Collin Sexton (lottery pick)
  SHIELD       #14  Michael Porter Jr. (lottery pick)
  SHIELD       #6  Mo Bamba (lottery pick)
  SHIELD       #2  Marvin Bagley III (lottery pick)
  SHIELD       #9  Kevin Knox II (lottery pick)
  SHIELD       #13  Jerome Robinson (lottery pick)

=== 2018: keep 48, cut 23 ===
  keep 0.937    #11  Shai Gilgeous-Alexander
  keep 0.921     #3  Luka Dončić
  keep 0.912    #10  Mikal Bridges
  keep 0.784     #5  Trae Young
  keep 0.750     #1  Deandre Ayton
  …
  keep 0.191   UDFA  Gary Clark (bubble)
  keep 0.176   UDFA  Wenyen Gabriel (bubble)
  keep 0.156    #39  Isaac Bonga (bubble)
  CUT  0.147    #40  Rodions Kurucs (first out)
  CUT  0.141   UDFA  Brandon Goodwin (first out)
  CUT  0.129   UDFA  Theo Pinson (first out)
  SHIELD       #7  Coby White (lottery pick)
  SHIELD       #5  Darius Garland (lottery pick)
  SHIELD       #8  Jaxson Hayes (lottery pick)
  SHIELD       #11  Cameron Johnson (lottery pick)
  SHIELD       #3  RJ Barrett (lottery pick)
  SHIELD       #12  P.J. Washington (lottery pick)
  SHIELD       #13  Tyler Herro (lottery pick)
  SHIELD       #9  Rui Hachimura (lottery pick)
  SHIELD       #2  Ja Morant (lottery pick)
  SHIELD       #1  Zion Williamson (lottery pick)
  SHIELD       #4  De'Andre Hunter (lottery pick)
  SHIELD       #10  Cam Reddish (lottery pick)
  SHIELD       #14  Romeo Langford (lottery pick)
  SHIELD       #6  Jarrett Culver (lottery pick)

=== 2019: keep 48, cut 24 ===
  keep 0.689     #7  Coby White
  keep 0.688     #5  Darius Garland
  keep 0.681     #8  Jaxson Hayes
  keep 0.646    #11  Cameron Johnson
  keep 0.638     #3  RJ Barrett
  …
  keep 0.270    #44  Bol Bol (bubble)
  keep 0.265    #16  Chuma Okeke (bubble)
  keep 0.219    #41  Eric Paschall (bubble)
  CUT  0.203    #45  Isaiah Roby (first out)
  CUT  0.160    #42  Admiral Schofield (first out)
  CUT  0.128    #26  Dylan Windler (first out)
  SHIELD       #1  Anthony Edwards (lottery pick)
  SHIELD       #6  Onyeka Okongwu (lottery pick)
  SHIELD       #12  Tyrese Haliburton (lottery pick)
  SHIELD       #9  Deni Avdija (lottery pick)
  SHIELD       #5  Isaac Okoro (lottery pick)
  SHIELD       #8  Obi Toppin (lottery pick)
  SHIELD       #11  Devin Vassell (lottery pick)
  SHIELD       #3  LaMelo Ball (lottery pick)
  SHIELD       #10  Jalen Smith (lottery pick)
  SHIELD       #14  Aaron Nesmith (lottery pick)
  SHIELD       #4  Patrick Williams (lottery pick)
  SHIELD       #7  Killian Hayes (lottery pick)
  SHIELD       #2  James Wiseman (lottery pick)
  SHIELD       #13  Kira Lewis Jr. (lottery pick)

=== 2020: keep 48, cut 20 ===
  keep 0.859     #1  Anthony Edwards
  keep 0.772     #6  Onyeka Okongwu
  keep 0.763    #12  Tyrese Haliburton
  keep 0.755     #9  Deni Avdija
  keep 0.688     #5  Isaac Okoro
  …
  keep 0.192   UDFA  Omer Yurtseven (bubble)
  keep 0.163   UDFA  Nathan Knight (bubble)
  keep 0.159    #50  Skylar Mays (bubble)
  CUT  0.130    #27  Udoka Azubuike (first out)
  CUT  0.123    #46  CJ Elleby (first out)
  CUT  0.073    #39  Elijah Hughes (first out)
  SHIELD       #3  Evan Mobley (lottery pick)
  SHIELD       #4  Scottie Barnes (lottery pick)
  SHIELD       #8  Franz Wagner (lottery pick)
  SHIELD       #6  Josh Giddey (lottery pick)
  SHIELD       #9  Davion Mitchell (lottery pick)
  SHIELD       #2  Jalen Green (lottery pick)
  SHIELD       #14  Moses Moody (lottery pick)
  SHIELD       #7  Jonathan Kuminga (lottery pick)
  SHIELD       #1  Cade Cunningham (lottery pick)
  SHIELD       #5  Jalen Suggs (lottery pick)
  SHIELD       #10  Ziaire Williams (lottery pick)
  SHIELD       #13  Chris Duarte (lottery pick)
  SHIELD       #11  James Bouknight (lottery pick)
  SHIELD       #12  Joshua Primo (lottery pick)

=== 2021: keep 48, cut 23 ===
  keep 0.890     #3  Evan Mobley
  keep 0.849     #4  Scottie Barnes
  keep 0.769     #8  Franz Wagner
  keep 0.714     #6  Josh Giddey
  keep 0.703     #9  Davion Mitchell
  …
  keep 0.312    #37  JT Thor (bubble)
  keep 0.265    #40  Jared Butler (bubble)
  keep 0.261    #21  Keon Johnson (bubble)
  CUT  0.259   UDFA  Brandon Williams (first out)
  CUT  0.249    #53  Charles Bassey (first out)
  CUT  0.248    #24  Josh Christopher (first out)
  SHIELD       #13  Jalen Duren (lottery pick)
  SHIELD       #3  Jabari Smith Jr. (lottery pick)
  SHIELD       #12  Jalen Williams (lottery pick)
  SHIELD       #8  Dyson Daniels (lottery pick)
  SHIELD       #1  Paolo Banchero (lottery pick)
  SHIELD       #4  Keegan Murray (lottery pick)
  SHIELD       #6  Bennedict Mathurin (lottery pick)
  SHIELD       #2  Chet Holmgren (lottery pick)
  SHIELD       #14  Ochai Agbaji (lottery pick)
  SHIELD       #7  Shaedon Sharpe (lottery pick)
  SHIELD       #9  Jeremy Sochan (lottery pick)
  SHIELD       #5  Jaden Ivey (lottery pick)
  SHIELD       #11  Ousmane Dieng (lottery pick)
  SHIELD       #10  Johnny Davis (lottery pick)

=== 2022: keep 48, cut 22 ===
  keep 0.928    #13  Jalen Duren
  keep 0.815     #3  Jabari Smith Jr.
  keep 0.800    #12  Jalen Williams
  keep 0.749     #8  Dyson Daniels
  keep 0.749     #1  Paolo Banchero
  …
  keep 0.284    #33  Christian Koloko (bubble)
  keep 0.282   UDFA  Jamal Cain (bubble)
  keep 0.274   UDFA  Orlando Robinson (bubble)
  CUT  0.273   UDFA  Johnny Juzang (first out)
  CUT  0.273   UDFA  Dru Smith (first out)
  CUT  0.265    #52  Karlo Matković (first out)
  SHIELD       #4  Amen Thompson (lottery pick)
  SHIELD       #10  Cason Wallace (lottery pick)
  SHIELD       #1  Victor Wembanyama (lottery pick)
  SHIELD       #5  Ausar Thompson (lottery pick)
  SHIELD       #6  Anthony Black (lottery pick)
  SHIELD       #2  Brandon Miller (lottery pick)
  SHIELD       #13  Gradey Dick (lottery pick)
  SHIELD       #8  Jarace Walker (lottery pick)
  SHIELD       #7  Bilal Coulibaly (lottery pick)
  SHIELD       #3  Scoot Henderson (lottery pick)
  SHIELD       #14  Jordan Hawkins (lottery pick)
  SHIELD       #12  Dereck Lively II (lottery pick)
  SHIELD       #11  Jett Howard (lottery pick)
  SHIELD       #9  Taylor Hendricks (lottery pick)

=== 2023: keep 48, cut 16 ===
  keep 0.945     #4  Amen Thompson
  keep 0.842    #10  Cason Wallace
  keep 0.814     #1  Victor Wembanyama
  keep 0.748     #5  Ausar Thompson
  keep 0.717     #6  Anthony Black
  …
  keep 0.273    #33  Leonard Miller (bubble)
  keep 0.272    #37  Hunter Tyson (bubble)
  keep 0.264   UDFA  Ricky Council IV (bubble)
  CUT  0.237    #34  Colby Jones (first out)
  CUT  0.214    #15  Kobe Bufkin (first out)
  CUT  0.195    #40  Maxwell Lewis (first out)
  SHIELD       #7  Donovan Clingan (lottery pick)
  SHIELD       #4  Stephon Castle (lottery pick)
  SHIELD       #3  Reed Sheppard (lottery pick)
  SHIELD       #5  Ronald Holland II (lottery pick)
  SHIELD       #1  Zaccharie Risacher (lottery pick)
  SHIELD       #11  Matas Buzelis (lottery pick)
  SHIELD       #14  Bub Carrington (lottery pick)
  SHIELD       #2  Alex Sarr (lottery pick)
  SHIELD       #8  Rob Dillingham (lottery pick)
  SHIELD       #10  Cody Williams (lottery pick)
  SHIELD       #6  Tidjane Salaün (lottery pick)
  SHIELD       #9  Zach Edey (lottery pick)
  SHIELD       #13  Devin Carter (lottery pick)
  SHIELD       #12  Nikola Topić (lottery pick)

=== 2024: keep 48, cut 22 ===
  keep 0.899     #7  Donovan Clingan
  keep 0.826     #4  Stephon Castle
  keep 0.786     #3  Reed Sheppard
  keep 0.780     #5  Ronald Holland II
  keep 0.775     #1  Zaccharie Risacher
  …
  keep 0.271    #46  Cam Christie (bubble)
  keep 0.262    #58  Ariel Hukporti (bubble)
  keep 0.258   UDFA  Keaton Wallace (bubble)
  CUT  0.257   UDFA  Branden Carlson (first out)
  CUT  0.254    #42  KJ Simpson (first out)
  CUT  0.246    #33  Tyler Smith (first out)
  SHIELD       #4  Kon Knueppel (lottery pick)
  SHIELD       #3  VJ Edgecombe (lottery pick)
  SHIELD       #1  Cooper Flagg (lottery pick)
  SHIELD       #2  Dylan Harper (lottery pick)
  SHIELD       #13  Derik Queen (lottery pick)
  SHIELD       #9  Collin Murray-Boyles (lottery pick)
  SHIELD       #7  Jeremiah Fears (lottery pick)
  SHIELD       #5  Ace Bailey (lottery pick)
  SHIELD       #11  Cedric Coward (lottery pick)
  SHIELD       #14  Carter Bryant (lottery pick)
  SHIELD       #6  Tre Johnson (lottery pick)
  SHIELD       #8  Egor Dëmin (lottery pick)
  SHIELD       #10  Khaman Maluach (lottery pick)
  SHIELD       #12  Noa Essengue (lottery pick)
  SHIELD       #15  Thomas Sorber (injured, no games)

=== 2025: keep 48, cut 18 ===
  keep 0.978     #4  Kon Knueppel
  keep 0.886     #3  VJ Edgecombe
  keep 0.867     #1  Cooper Flagg
  keep 0.866     #2  Dylan Harper
  keep 0.764    #13  Derik Queen
  …
  keep 0.304    #36  Adou Thiero (bubble)
  keep 0.290   UDFA  Ryan Nembhard (bubble)
  keep 0.268    #39  Alijah Martin (bubble)
  CUT  0.259   UDFA  Dylan Cardwell (first out)
  CUT  0.244    #35  Johni Broome (first out)
  CUT  0.235   UDFA  Caleb Love (first out)

total cuts: 216
hid 216 players (rows kept; re-run any time to re-trim)
