[playerindex] fetching undrafted pool…
[playerindex] 481 undrafted entries 2016–2025

=== 2016 UDFA class — 34 candidates, pulling career lines for 20 ===
  +1 Fred VanVleet              GP  550   14.9 ppg
  +2 Dorian Finney-Smith        GP  628    8.0 ppg
  +3 Derrick Jones Jr.          GP  547    7.5 ppg
  +4 Bryn Forbes                GP  431    8.8 ppg
  +5 Danuel House Jr.           GP  294    7.3 ppg
  +6 Gary Payton II             GP  343    5.9 ppg
  +7 Yogi Ferrell               GP  259    7.7 ppg
  +8 Rodney McGruder            GP  317    5.8 ppg
  +9 David Nwaba                GP  237    6.8 ppg
  +10 Quinn Cook                 GP  188    6.4 ppg
  +11 Wayne Selden               GP  127    7.2 ppg
  +12 Treveon Graham             GP  180    4.2 ppg
  [supabase] upserted 12 UDFA career lines

=== 2017 UDFA class — 60 candidates, pulling career lines for 20 ===
  +1 Royce O'Neale              GP  678    7.4 ppg
  +2 Chris Boucher              GP  416    8.7 ppg
  +3 Alex Caruso                GP  473    6.8 ppg
  +4 Maxi Kleber                GP  483    6.0 ppg
  +5 Daniel Theis               GP  411    7.1 ppg
  +6 Torrey Craig               GP  458    5.9 ppg
  +7 Damion Lee                 GP  315    7.8 ppg
  +8 Luke Kornet                GP  421    5.4 ppg
  +9 Khem Birch                 GP  282    5.0 ppg
  +10 Ryan Arcidiacono           GP  257    4.0 ppg
  +11 Shaquille Harrison         GP  183    5.2 ppg
  +12 Alfonzo McKinnie           GP  182    4.0 ppg
  [supabase] upserted 12 UDFA career lines

=== 2018 UDFA class — 51 candidates, pulling career lines for 20 ===
    career fetch failed for 1629150: 'resultSet'
  +1 Duncan Robinson            GP  500   11.5 ppg
  +2 Kenrich Williams           GP  447    6.4 ppg
  +3 Drew Eubanks               GP  426    5.6 ppg
  +4 Kendrick Nunn              GP  193   12.1 ppg
  +5 Haywood Highsmith          GP  225    5.4 ppg
  +6 Brad Wanamaker             GP  191    5.5 ppg
  +7 Yuta Watanabe              GP  213    4.2 ppg
  +8 Wenyen Gabriel             GP  150    4.4 ppg
  +9 Brandon Goodwin            GP  133    4.7 ppg
  +10 Gary Clark                 GP  170    3.1 ppg
  +11 Theo Pinson                GP  127    2.7 ppg
  [supabase] upserted 11 UDFA career lines

=== 2019 UDFA class — 57 candidates, pulling career lines for 20 ===
  +1 Naz Reid                   GP  483   11.9 ppg
  +2 Luguentz Dort              GP  432   11.6 ppg
  +3 Max Strus                  GP  321   10.4 ppg
  +4 Caleb Martin               GP  369    7.7 ppg
  +5 Amir Coffey                GP  369    6.2 ppg
  +6 Gabe Vincent               GP  331    6.7 ppg
  +7 Garrison Mathews           GP  329    6.4 ppg
  +8 Javonte Green              GP  345    5.7 ppg
  +9 Dean Wade                  GP  342    5.3 ppg
  +10 Terence Davis              GP  228    8.0 ppg
  +11 John Konchar               GP  363    4.3 ppg
  +12 Oshae Brissett             GP  233    6.6 ppg
  [supabase] upserted 12 UDFA career lines

=== 2020 UDFA class — 37 candidates, pulling career lines for 20 ===
    career fetch failed for 1628419: 'resultSet'
    career fetch failed for 1629751: 'resultSet'
  +1 Naji Marshall              GP  373   10.1 ppg
  +2 Jae'Sean Tate              GP  342    7.5 ppg
  +3 Lamar Stevens              GP  220    5.6 ppg
  +4 Anthony Gill               GP  285    3.8 ppg
  +5 Facundo Campazzo           GP  138    5.3 ppg
  +6 Omer Yurtseven             GP  122    4.9 ppg
  +7 Trent Forrest              GP  151    2.8 ppg
  +8 Nathan Knight              GP  108    3.7 ppg
  [supabase] upserted 8 UDFA career lines

=== 2021 UDFA class — 68 candidates, pulling career lines for 20 ===
  +1 Austin Reaves              GP  331   15.8 ppg
  +2 Sam Hauser                 GP  334    7.8 ppg
  +3 Jose Alvarado              GP  296    8.0 ppg
  +4 Trendon Watford            GP  270    7.6 ppg
  +5 Jock Landale               GP  289    6.6 ppg
  +6 Jordan Goodwin             GP  220    7.0 ppg
  +7 Brandon Williams           GP  140   10.7 ppg
  +8 Justin Champagnie          GP  187    7.1 ppg
  +9 Jay Huff                   GP  177    7.3 ppg
  +10 Lindy Waters III           GP  196    4.6 ppg
  +11 Micah Potter               GP  111    6.4 ppg
  [supabase] upserted 11 UDFA career lines

=== 2022 UDFA class — 39 candidates, pulling career lines for 20 ===
  +1 Julian Champagnie          GP  255    9.4 ppg
  +2 Simone Fontecchio          GP  263    7.8 ppg
  +3 AJ Green                   GP  242    7.3 ppg
  +4 Keon Ellis                 GP  225    6.6 ppg
  +5 Collin Gillespie           GP  137    9.4 ppg
  +6 Scotty Pippen Jr.          GP  116   10.2 ppg
  +7 Dominick Barlow            GP  167    5.7 ppg
  +8 Johnny Juzang              GP  123    6.9 ppg
  +9 Jamal Cain                 GP  121    5.0 ppg
  +10 Dru Smith                  GP  108    5.2 ppg
  +11 A.J. Lawson                GP  107    4.9 ppg
  +12 Orlando Robinson           GP  115    4.6 ppg
  [supabase] upserted 12 UDFA career lines

=== 2023 UDFA class — 41 candidates, pulling career lines for 20 ===
    career fetch failed for 1641970: 'resultSet'
  +1 Duop Reath                 GP  146    6.2 ppg
  +2 Craig Porter Jr.           GP  166    4.6 ppg
  +3 Ricky Council IV           GP  105    6.7 ppg
  +4 Pat Spencer                GP  111    5.2 ppg
  +5 Pete Nance                 GP   68    4.3 ppg
  +6 Trey Jemison III           GP   76    3.7 ppg
  [supabase] upserted 6 UDFA career lines

=== 2024 UDFA class — 49 candidates, pulling career lines for 20 ===
  +1 Justin Edwards             GP  108    7.7 ppg
  +2 Daniss Jenkins             GP   79    8.6 ppg
  +3 Nae'Qwan Tomlin            GP   69    5.9 ppg
  +4 Daeqwon Plowden            GP   38   10.2 ppg
  +5 Spencer Jones              GP   84    4.5 ppg
  +6 Branden Carlson            GP   74    4.9 ppg
  +7 Keaton Wallace             GP   84    4.2 ppg
  +8 Tyson Etienne              GP   31    7.9 ppg
  +9 Ethan Thompson             GP   32    7.0 ppg
  +10 Elijah Harkless            GP   36    5.8 ppg
  +11 Drew Timme                 GP   36    5.6 ppg
  +12 Keshad Johnson             GP   48    3.7 ppg
  [supabase] upserted 12 UDFA career lines

=== 2025 UDFA class — 45 candidates, pulling career lines for 20 ===
  +1 Caleb Love                 GP   49   10.4 ppg
  +2 Ryan Nembhard              GP   60    6.6 ppg
  +3 Dylan Cardwell             GP   44    5.4 ppg
  +4 LJ Cryer                   GP   18    8.2 ppg
  +5 Chaney Johnson             GP   17    8.2 ppg
  +6 Malachi Smith              GP   15    8.3 ppg
  +7 Bez Mbeng                  GP   15    8.1 ppg
  [supabase] upserted 7 UDFA career lines

Done. Run download_headshots.py to mirror the new headshots.
