
=== 2016: keep 30, cut 33 ===
  keep 0.894    #11  Domantas Sabonis
  keep 0.851    #27  Pascal Siakam
  keep 0.790    #32  Ivica Zubac
  keep 0.784     #3  Jaylen Brown
  keep 0.762     #9  Jakob Poeltl
  …
  keep 0.269     #8  Marquese Chriss (bubble)
  keep 0.262    #21  DeAndre' Bembry (bubble)
  keep 0.248   UDFA  Yogi Ferrell (bubble)
  CUT  0.246    #10  Thon Maker (first out)
  CUT  0.230    #14  Denzel Valentine (first out)
  CUT  0.216    #47  Jake Layman (first out)

=== 2017: keep 30, cut 35 ===
  keep 0.962    #22  Jarrett Allen
  keep 0.932    #14  Bam Adebayo
  keep 0.915     #3  Jayson Tatum
  keep 0.883    #13  Donovan Mitchell
  keep 0.793   UDFA  Royce O'Neale
  …
  keep 0.343   UDFA  Damion Lee (bubble)
  keep 0.306     #9  Dennis Smith Jr. (bubble)
  keep 0.291     #8  Frank Ntilikina (bubble)
  CUT  0.285    #37  Semi Ojeleye (first out)
  CUT  0.282    #15  Justin Jackson (first out)
  CUT  0.280     #1  Markelle Fultz (first out)

=== 2018: keep 30, cut 35 ===
  keep 0.937    #11  Shai Gilgeous-Alexander
  keep 0.921     #3  Luka Dončić
  keep 0.912    #10  Mikal Bridges
  keep 0.907    #33  Jalen Brunson
  keep 0.784     #5  Trae Young
  …
  keep 0.495    #41  Jarred Vanderbilt (bubble)
  keep 0.475    #27  Robert Williams III (bubble)
  keep 0.471     #6  Mo Bamba (bubble)
  CUT  0.456     #2  Marvin Bagley III (first out)
  CUT  0.437    #54  Shake Milton (first out)
  CUT  0.420    #34  Devonte' Graham (first out)

=== 2019: keep 30, cut 36 ===
  keep 0.753    #38  Daniel Gafford
  keep 0.736   UDFA  Naz Reid
  keep 0.717    #48  Terance Mann
  keep 0.689    #29  Keldon Johnson
  keep 0.689     #7  Coby White
  …
  keep 0.454   UDFA  Garrison Mathews (bubble)
  keep 0.423   UDFA  Gabe Vincent (bubble)
  keep 0.422    #30  Kevin Porter Jr. (bubble)
  CUT  0.396    #46  Talen Horton-Tucker (first out)
  CUT  0.363    #24  Ty Jerome (first out)
  CUT  0.355    #36  Cody Martin (first out)

=== 2020: keep 30, cut 36 ===
  keep 0.859     #1  Anthony Edwards
  keep 0.821    #26  Payton Pritchard
  keep 0.817    #21  Tyrese Maxey
  keep 0.809    #30  Desmond Bane
  keep 0.786    #28  Jaden McDaniels
  …
  keep 0.521    #52  KJ Martin (bubble)
  keep 0.478    #35  Xavier Tillman (bubble)
  keep 0.472    #22  Zeke Nnaji (bubble)
  CUT  0.433   UDFA  Anthony Gill (first out)
  CUT  0.392    #60  Sam Merrill (first out)
  CUT  0.338   UDFA  Lamar Stevens (first out)

=== 2021: keep 30, cut 34 ===
  keep 0.890     #3  Evan Mobley
  keep 0.886    #16  Alperen Sengun
  keep 0.849     #4  Scottie Barnes
  keep 0.812   UDFA  Austin Reaves
  keep 0.769     #8  Franz Wagner
  …
  keep 0.517   UDFA  Trendon Watford (bubble)
  keep 0.498    #10  Ziaire Williams (bubble)
  keep 0.491    #26  Bones Hyland (bubble)
  CUT  0.467    #27  Cam Thomas (first out)
  CUT  0.458    #22  Isaiah Jackson (first out)
  CUT  0.444    #39  Neemias Queta (first out)

=== 2022: keep 30, cut 30 ===
  keep 0.928    #13  Jalen Duren
  keep 0.815     #3  Jabari Smith Jr.
  keep 0.800    #12  Jalen Williams
  keep 0.775    #21  Christian Braun
  keep 0.749     #8  Dyson Daniels
  …
  keep 0.481    #18  Dalen Terry (bubble)
  keep 0.478     #5  Jaden Ivey (bubble)
  keep 0.439    #20  Malaki Branham (bubble)
  CUT  0.430    #32  Caleb Houstan (first out)
  CUT  0.424   UDFA  Dominick Barlow (first out)
  CUT  0.379    #25  Blake Wesley (first out)

=== 2023: keep 30, cut 31 ===
  keep 0.945     #4  Amen Thompson
  keep 0.842    #10  Cason Wallace
  keep 0.814     #1  Victor Wembanyama
  keep 0.800    #19  Brandin Podziemski
  keep 0.752    #18  Jaime Jaquez Jr.
  …
  keep 0.450    #11  Jett Howard (bubble)
  keep 0.444    #21  Noah Clowney (bubble)
  keep 0.443    #30  Kobe Brown (bubble)
  CUT  0.423    #20  Cam Whitmore (first out)
  CUT  0.423   UDFA  Trey Jemison III (first out)
  CUT  0.415    #38  Jordan Walsh (first out)

=== 2024: keep 30, cut 33 ===
  keep 0.899     #7  Donovan Clingan
  keep 0.826     #4  Stephon Castle
  keep 0.810    #15  Kel'el Ware
  keep 0.786     #3  Reed Sheppard
  keep 0.780     #5  Ronald Holland II
  …
  keep 0.528    #24  Kyshawn George (bubble)
  keep 0.519    #16  Jared McCain (bubble)
  keep 0.489    #38  Ajay Mitchell (bubble)
  CUT  0.486    #31  Jonathan Mogbo (first out)
  CUT  0.459    #34  Tyler Kolek (first out)
  CUT  0.459    #13  Devin Carter (first out)
  SHIELD       #15  Thomas Sorber (injured, no games)

=== 2025: keep 30, cut 33 ===
  keep 0.345    #15  Thomas Sorber
  keep 0.978     #4  Kon Knueppel
  keep 0.886     #3  VJ Edgecombe
  keep 0.867     #1  Cooper Flagg
  keep 0.866     #2  Dylan Harper
  …
  keep 0.529    #16  Yang Hansen (bubble)
  keep 0.514    #23  Asa Newell (bubble)
  keep 0.511    #32  Noah Penda (bubble)
  CUT  0.492    #31  Rasheer Fleming (first out)
  CUT  0.459    #26  Ben Saraf (first out)
  CUT  0.451    #30  Yanic Konan Niederhäuser (first out)

total cuts: 336
deleted 336 players
all saved redrafts reset to default
