  SHIELD       #3  Jaylen Brown (injured, no games)
  SHIELD       #9  Jakob Poeltl (injured, no games)
  SHIELD       #6  Buddy Hield (injured, no games)
  SHIELD       #7  Jamal Murray (injured, no games)
  SHIELD       #2  Brandon Ingram (injured, no games)
  SHIELD       #1  Ben Simmons (injured, no games)
  SHIELD       #5  Kris Dunn (injured, no games)
  SHIELD       #8  Marquese Chriss (injured, no games)
  SHIELD       #10  Thon Maker (injured, no games)
  SHIELD       #4  Dragan Bender (injured, no games)

=== 2016: keep 30, cut 2 ===
  keep 0.784     #3  Jaylen Brown
  keep 0.762     #9  Jakob Poeltl
  keep 0.744     #6  Buddy Hield
  keep 0.733     #7  Jamal Murray
  keep 0.623     #2  Brandon Ingram
  …
  keep 0.289    #24  Timothe Luwawu-Cabarrot (bubble)
  keep 0.288   UDFA  Danuel House Jr. (bubble)
  keep 0.283    #30  Damian Jones (bubble)
  CUT  0.262    #21  DeAndre' Bembry (first out)
  CUT  0.248   UDFA  Yogi Ferrell (first out)
  SHIELD       #3  Jayson Tatum (injured, no games)
  SHIELD       #5  De'Aaron Fox (injured, no games)
  SHIELD       #7  Lauri Markkanen (injured, no games)
  SHIELD       #10  Zach Collins (injured, no games)
  SHIELD       #6  Jonathan Isaac (injured, no games)
  SHIELD       #2  Lonzo Ball (injured, no games)
  SHIELD       #9  Dennis Smith Jr. (injured, no games)
  SHIELD       #8  Frank Ntilikina (injured, no games)
  SHIELD       #1  Markelle Fultz (injured, no games)
  SHIELD       #4  Josh Jackson (injured, no games)

=== 2017: keep 30, cut 2 ===
  keep 0.915     #3  Jayson Tatum
  keep 0.767     #5  De'Aaron Fox
  keep 0.647     #7  Lauri Markkanen
  keep 0.418    #10  Zach Collins
  keep 0.378     #6  Jonathan Isaac
  …
  keep 0.519   UDFA  Chris Boucher (bubble)
  keep 0.508   UDFA  Torrey Craig (bubble)
  keep 0.500   UDFA  Daniel Theis (bubble)
  CUT  0.480    #42  Thomas Bryant (first out)
  CUT  0.343   UDFA  Damion Lee (first out)
  SHIELD       #3  Luka Dončić (injured, no games)
  SHIELD       #10  Mikal Bridges (injured, no games)
  SHIELD       #5  Trae Young (injured, no games)
  SHIELD       #1  Deandre Ayton (injured, no games)
  SHIELD       #7  Wendell Carter Jr. (injured, no games)
  SHIELD       #4  Jaren Jackson Jr. (injured, no games)
  SHIELD       #8  Collin Sexton (injured, no games)
  SHIELD       #6  Mo Bamba (injured, no games)
  SHIELD       #2  Marvin Bagley III (injured, no games)
  SHIELD       #9  Kevin Knox II (injured, no games)

=== 2018: keep 30, cut 2 ===
  keep 0.921     #3  Luka Dončić
  keep 0.912    #10  Mikal Bridges
  keep 0.784     #5  Trae Young
  keep 0.750     #1  Deandre Ayton
  keep 0.675     #7  Wendell Carter Jr.
  …
  keep 0.530    #32  Jevon Carter (bubble)
  keep 0.516    #25  Moritz Wagner (bubble)
  keep 0.504    #46  De'Anthony Melton (bubble)
  CUT  0.495    #41  Jarred Vanderbilt (first out)
  CUT  0.475    #27  Robert Williams III (first out)
  SHIELD       #7  Coby White (injured, no games)
  SHIELD       #5  Darius Garland (injured, no games)
  SHIELD       #8  Jaxson Hayes (injured, no games)
  SHIELD       #3  RJ Barrett (injured, no games)
  SHIELD       #9  Rui Hachimura (injured, no games)
  SHIELD       #2  Ja Morant (injured, no games)
  SHIELD       #1  Zion Williamson (injured, no games)
  SHIELD       #4  De'Andre Hunter (injured, no games)
  SHIELD       #10  Cam Reddish (injured, no games)
  SHIELD       #6  Jarrett Culver (injured, no games)

=== 2019: keep 30, cut 2 ===
  keep 0.689     #7  Coby White
  keep 0.688     #5  Darius Garland
  keep 0.681     #8  Jaxson Hayes
  keep 0.638     #3  RJ Barrett
  keep 0.603     #9  Rui Hachimura
  …
  keep 0.508   UDFA  Javonte Green (bubble)
  keep 0.486   UDFA  Max Strus (bubble)
  keep 0.454   UDFA  Garrison Mathews (bubble)
  CUT  0.423   UDFA  Gabe Vincent (first out)
  CUT  0.422    #30  Kevin Porter Jr. (first out)
  SHIELD       #1  Anthony Edwards (injured, no games)
  SHIELD       #6  Onyeka Okongwu (injured, no games)
  SHIELD       #9  Deni Avdija (injured, no games)
  SHIELD       #5  Isaac Okoro (injured, no games)
  SHIELD       #8  Obi Toppin (injured, no games)
  SHIELD       #3  LaMelo Ball (injured, no games)
  SHIELD       #10  Jalen Smith (injured, no games)
  SHIELD       #4  Patrick Williams (injured, no games)
  SHIELD       #7  Killian Hayes (injured, no games)
  SHIELD       #2  James Wiseman (injured, no games)

=== 2020: keep 30, cut 2 ===
  keep 0.859     #1  Anthony Edwards
  keep 0.772     #6  Onyeka Okongwu
  keep 0.755     #9  Deni Avdija
  keep 0.688     #5  Isaac Okoro
  keep 0.669     #8  Obi Toppin
  …
  keep 0.543    #14  Aaron Nesmith (bubble)
  keep 0.528    #42  Nick Richards (bubble)
  keep 0.521    #52  KJ Martin (bubble)
  CUT  0.478    #35  Xavier Tillman (first out)
  CUT  0.472    #22  Zeke Nnaji (first out)
  SHIELD       #3  Evan Mobley (injured, no games)
  SHIELD       #4  Scottie Barnes (injured, no games)
  SHIELD       #8  Franz Wagner (injured, no games)
  SHIELD       #6  Josh Giddey (injured, no games)
  SHIELD       #9  Davion Mitchell (injured, no games)
  SHIELD       #2  Jalen Green (injured, no games)
  SHIELD       #7  Jonathan Kuminga (injured, no games)
  SHIELD       #1  Cade Cunningham (injured, no games)
  SHIELD       #5  Jalen Suggs (injured, no games)
  SHIELD       #10  Ziaire Williams (injured, no games)

=== 2021: keep 30, cut 0 ===
  keep 0.890     #3  Evan Mobley
  keep 0.849     #4  Scottie Barnes
  keep 0.769     #8  Franz Wagner
  keep 0.714     #6  Josh Giddey
  keep 0.703     #9  Davion Mitchell
  …
  keep 0.519    #58  Jericho Sims (bubble)
  keep 0.517   UDFA  Trendon Watford (bubble)
  keep 0.491    #26  Bones Hyland (bubble)
  SHIELD       #3  Jabari Smith Jr. (injured, no games)
  SHIELD       #8  Dyson Daniels (injured, no games)
  SHIELD       #1  Paolo Banchero (injured, no games)
  SHIELD       #4  Keegan Murray (injured, no games)
  SHIELD       #6  Bennedict Mathurin (injured, no games)
  SHIELD       #2  Chet Holmgren (injured, no games)
  SHIELD       #7  Shaedon Sharpe (injured, no games)
  SHIELD       #9  Jeremy Sochan (injured, no games)
  SHIELD       #5  Jaden Ivey (injured, no games)
  SHIELD       #10  Johnny Davis (injured, no games)

=== 2022: keep 30, cut 1 ===
  keep 0.815     #3  Jabari Smith Jr.
  keep 0.749     #8  Dyson Daniels
  keep 0.749     #1  Paolo Banchero
  keep 0.695     #4  Keegan Murray
  keep 0.637     #6  Bennedict Mathurin
  …
  keep 0.501    #43  Moussa Diabaté (bubble)
  keep 0.483    #37  Jaden Hardy (bubble)
  keep 0.481    #18  Dalen Terry (bubble)
  CUT  0.439    #20  Malaki Branham (first out)
  SHIELD       #4  Amen Thompson (injured, no games)
  SHIELD       #10  Cason Wallace (injured, no games)
  SHIELD       #1  Victor Wembanyama (injured, no games)
  SHIELD       #5  Ausar Thompson (injured, no games)
  SHIELD       #6  Anthony Black (injured, no games)
  SHIELD       #2  Brandon Miller (injured, no games)
  SHIELD       #8  Jarace Walker (injured, no games)
  SHIELD       #7  Bilal Coulibaly (injured, no games)
  SHIELD       #3  Scoot Henderson (injured, no games)
  SHIELD       #9  Taylor Hendricks (injured, no games)

=== 2023: keep 30, cut 1 ===
  keep 0.945     #4  Amen Thompson
  keep 0.842    #10  Cason Wallace
  keep 0.814     #1  Victor Wembanyama
  keep 0.748     #5  Ausar Thompson
  keep 0.717     #6  Anthony Black
  …
  keep 0.456   UDFA  Craig Porter Jr. (bubble)
  keep 0.450    #11  Jett Howard (bubble)
  keep 0.444    #21  Noah Clowney (bubble)
  CUT  0.443    #30  Kobe Brown (first out)
  SHIELD       #7  Donovan Clingan (injured, no games)
  SHIELD       #4  Stephon Castle (injured, no games)
  SHIELD       #3  Reed Sheppard (injured, no games)
  SHIELD       #5  Ronald Holland II (injured, no games)
  SHIELD       #1  Zaccharie Risacher (injured, no games)
  SHIELD       #2  Alex Sarr (injured, no games)
  SHIELD       #8  Rob Dillingham (injured, no games)
  SHIELD       #10  Cody Williams (injured, no games)
  SHIELD       #6  Tidjane Salaün (injured, no games)
  SHIELD       #9  Zach Edey (injured, no games)

=== 2024: keep 30, cut 0 ===
  keep 0.899     #7  Donovan Clingan
  keep 0.826     #4  Stephon Castle
  keep 0.786     #3  Reed Sheppard
  keep 0.780     #5  Ronald Holland II
  keep 0.775     #1  Zaccharie Risacher
  …
  keep 0.528    #24  Kyshawn George (bubble)
  keep 0.519    #16  Jared McCain (bubble)
  keep 0.489    #38  Ajay Mitchell (bubble)
  SHIELD       #4  Kon Knueppel (injured, no games)
  SHIELD       #3  VJ Edgecombe (injured, no games)
  SHIELD       #1  Cooper Flagg (injured, no games)
  SHIELD       #2  Dylan Harper (injured, no games)
  SHIELD       #9  Collin Murray-Boyles (injured, no games)
  SHIELD       #7  Jeremiah Fears (injured, no games)
  SHIELD       #5  Ace Bailey (injured, no games)
  SHIELD       #6  Tre Johnson (injured, no games)
  SHIELD       #8  Egor Dëmin (injured, no games)
  SHIELD       #10  Khaman Maluach (injured, no games)
  SHIELD       #15  Thomas Sorber (injured, no games)

=== 2025: keep 30, cut 0 ===
  keep 0.978     #4  Kon Knueppel
  keep 0.886     #3  VJ Edgecombe
  keep 0.867     #1  Cooper Flagg
  keep 0.866     #2  Dylan Harper
  keep 0.754     #9  Collin Murray-Boyles
  …
  keep 0.529    #16  Yang Hansen (bubble)
  keep 0.514    #23  Asa Newell (bubble)
  keep 0.511    #32  Noah Penda (bubble)

total cuts: 12
deleted 12 players
